// Jest Snapshot v1, https://goo.gl/fbAQLP

exports[`test Header page 1`] = `
<div
  className="Header-root-1"
>
  <header
    className="MuiPaper-root-14 MuiPaper-elevation4-20 MuiAppBar-root-5 MuiAppBar-positionStatic-9 MuiAppBar-colorPrimary-12"
  >
    <div
      className="MuiToolbar-root-41 MuiToolbar-regular-43 MuiToolbar-gutters-42"
    >
      <svg
        aria-hidden="true"
        className="MuiSvgIcon-root-45"
        focusable="false"
        role="presentation"
        viewBox="0 0 24 24"
      >
        <path
          d="M0 0h24v24H0z"
          fill="none"
        />
        <path
          d="M14 2H6c-1.1 0-1.99.9-1.99 2L4 20c0 1.1.89 2 1.99 2H18c1.1 0 2-.9 2-2V8l-6-6zm2 16H8v-2h8v2zm0-4H8v-2h8v2zm-3-5V3.5L18.5 9H13z"
        />
      </svg>
      <h6
        className="MuiTypography-root-54 MuiTypography-h6-71 MuiTypography-colorInherit-83 MuiTypography-noWrap-80 Header-title-3"
      >
        Keep - Notes
      </h6>
      <div
        className="Header-grow-4"
      />
      <button
        className="MuiButtonBase-root-115 MuiButton-root-89 MuiButton-text-91 MuiButton-flat-94"
        disabled={false}
        onBlur={[Function]}
        onClick={[Function]}
        onContextMenu={[Function]}
        onFocus={[Function]}
        onKeyDown={[Function]}
        onKeyUp={[Function]}
        onMouseDown={[Function]}
        onMouseLeave={[Function]}
        onMouseUp={[Function]}
        onTouchEnd={[Function]}
        onTouchMove={[Function]}
        onTouchStart={[Function]}
        tabIndex="0"
        type="button"
      >
        <span
          className="MuiButton-label-90"
        >
          Login
        </span>
        <span
          className="MuiTouchRipple-root-118"
        />
      </button>
    </div>
  </header>
</div>
`;
